[2026-07-15T11:44:16.796Z] GET file:///Users/arda/Projects/eardatasci.github.io/c/ambiance/index.html → 200 (3ms, 12773B)
[2026-07-15T11:44:16.806Z] GET https://fonts.googleapis.com/css2?family=Inter:wght@400;600;700&display=swap → 200 (107ms, 1192B)
[2026-07-15T11:44:16.806Z] GET https://fonts.googleapis.com/css2?family=JetBrains+Mono&display=swap → 200 (109ms, 739B)
[2026-07-15T11:44:16.806Z] GET file:///Users/arda/Projects/eardatasci.github.io/theme.min.7363202e6ba39c3b4caca8b218f6f6631256ed7a41cd2f8bf46550651b07cb31.css → 200 (1ms, 6363B)
[2026-07-15T11:44:16.806Z] GET https://www.recurse-scout.com/loader.js?t=bd90963b613cbcfcdd3274ad72b12dc6 → 200 (390ms, 1328B)
[2026-07-15T11:44:16.806Z] GET file:///Users/arda/Projects/eardatasci.github.io/c/ambiance/harvey.jpg → 200 (2ms, 57241B)
[2026-07-15T11:44:16.933Z] GET https://fonts.gstatic.com/s/inter/v20/UcC73FwrK3iLTeHuS_nVMrMxCp50SjIa1ZL7W0Q5nw.woff2 → 200 (69ms, 48984B)
[2026-07-15T11:44:16.933Z] GET https://fonts.gstatic.com/s/jetbrainsmono/v24/tDbY2o-flEEny0FZhsfKu5WU4zr3E_BX0PnT8RD8yKxTOlOVk6OThhvA.woff2 → 200 (75ms, 21338B)
[2026-07-15T11:44:17.196Z] GET https://d29xw0ra2h4o4u.cloudfront.net/assets/scout-176be16681a03cbddd686f3cc96694d3aab338ea5cb65452f83d989309810528.js → pending (?ms, ?B)
[2026-07-15T11:44:37.387Z] GET file:///Users/arda/Projects/eardatasci.github.io/index.html → 200 (1ms, 7934B)
[2026-07-15T11:44:37.391Z] GET https://fonts.googleapis.com/css2?family=Inter:wght@400;600;700&display=swap → 200 (5ms, -698B)
[2026-07-15T11:44:37.391Z] GET https://fonts.googleapis.com/css?family=JetBrains+Mono&display=swap.css → 200 (44ms, 750B)
[2026-07-15T11:44:37.391Z] GET file:///Users/arda/Projects/eardatasci.github.io/theme.min.7363202e6ba39c3b4caca8b218f6f6631256ed7a41cd2f8bf46550651b07cb31.css → 200 (1ms, 6363B)
[2026-07-15T11:44:37.391Z] GET https://www.recurse-scout.com/loader.js?t=bd90963b613cbcfcdd3274ad72b12dc6 → 200 (102ms, 575B)
[2026-07-15T11:44:37.438Z] GET https://fonts.gstatic.com/s/inter/v20/UcC73FwrK3iLTeHuS_nVMrMxCp50SjIa1ZL7W0Q5nw.woff2 → 200 (?ms, -814B)
[2026-07-15T11:44:37.494Z] GET https://d29xw0ra2h4o4u.cloudfront.net/assets/scout-176be16681a03cbddd686f3cc96694d3aab338ea5cb65452f83d989309810528.js → 200 (?ms, -944B)
[2026-07-15T12:01:10.839Z] GET file:///Users/arda/Projects/eardatasci.github.io/c/ambiance/index.html → 200 (1ms, 12962B)
[2026-07-15T12:01:10.842Z] GET https://fonts.googleapis.com/css2?family=Inter:wght@400;600;700&display=swap → 200 (2ms, -698B)
[2026-07-15T12:01:10.842Z] GET https://fonts.googleapis.com/css2?family=JetBrains+Mono&display=swap → 200 (2ms, -698B)
[2026-07-15T12:01:10.842Z] GET file:///Users/arda/Projects/eardatasci.github.io/theme.min.7363202e6ba39c3b4caca8b218f6f6631256ed7a41cd2f8bf46550651b07cb31.css → 200 (1ms, 6369B)
[2026-07-15T12:01:10.842Z] GET https://www.recurse-scout.com/loader.js?t=bd90963b613cbcfcdd3274ad72b12dc6 → 200 (371ms, 937B)
[2026-07-15T12:01:10.842Z] GET file:///Users/arda/Projects/eardatasci.github.io/c/ambiance/harvey.jpg → 200 (1ms, 57241B)
[2026-07-15T12:01:10.848Z] GET https://fonts.gstatic.com/s/inter/v20/UcC73FwrK3iLTeHuS_nVMrMxCp50SjIa1ZL7W0Q5nw.woff2 → 200 (?ms, -814B)
[2026-07-15T12:01:10.848Z] GET https://fonts.gstatic.com/s/jetbrainsmono/v24/tDbY2o-flEEny0FZhsfKu5WU4zr3E_BX0PnT8RD8yKxTOlOVk6OThhvA.woff2 → 200 (?ms, -814B)
[2026-07-15T12:01:11.214Z] GET https://d29xw0ra2h4o4u.cloudfront.net/assets/scout-176be16681a03cbddd686f3cc96694d3aab338ea5cb65452f83d989309810528.js → 200 (?ms, -944B)
[2026-07-15T12:01:37.746Z] GET file:///Users/arda/Projects/eardatasci.github.io/c/ambiance/index.html → 200 (?ms, 12980B)
[2026-07-15T12:01:37.749Z] GET https://fonts.googleapis.com/css2?family=Inter:wght@400;600;700&display=swap → 200 (?ms, -698B)
[2026-07-15T12:01:37.749Z] GET https://fonts.googleapis.com/css2?family=JetBrains+Mono&display=swap → 200 (?ms, -698B)
[2026-07-15T12:01:37.749Z] GET file:///Users/arda/Projects/eardatasci.github.io/theme.min.7363202e6ba39c3b4caca8b218f6f6631256ed7a41cd2f8bf46550651b07cb31.css → 200 (?ms, 6369B)
[2026-07-15T12:01:37.749Z] GET https://www.recurse-scout.com/loader.js?t=bd90963b613cbcfcdd3274ad72b12dc6 → 200 (92ms, 584B)
[2026-07-15T12:01:37.749Z] GET file:///Users/arda/Projects/eardatasci.github.io/c/ambiance/harvey.jpg → 200 (?ms, 57241B)
[2026-07-15T12:01:37.764Z] GET https://fonts.gstatic.com/s/inter/v20/UcC73FwrK3iLTeHuS_nVMrMxCp50SjIa1ZL7W0Q5nw.woff2 → 200 (?ms, -814B)
[2026-07-15T12:01:37.764Z] GET https://fonts.gstatic.com/s/jetbrainsmono/v24/tDbY2o-flEEny0FZhsfKu5WU4zr3E_BX0PnT8RD8yKxTOlOVk6OThhvA.woff2 → 200 (?ms, -814B)
[2026-07-15T12:01:37.841Z] GET https://d29xw0ra2h4o4u.cloudfront.net/assets/scout-176be16681a03cbddd686f3cc96694d3aab338ea5cb65452f83d989309810528.js → 200 (2ms, -944B)
[2026-07-15T12:09:55.970Z] GET file:///Users/arda/Projects/eardatasci.github.io/c/ambiance/index.html → 200 (1ms, 12978B)
[2026-07-15T12:09:55.973Z] GET https://fonts.googleapis.com/css2?family=Inter:wght@400;600;700&display=swap → 200 (1ms, -698B)
[2026-07-15T12:09:55.973Z] GET https://fonts.googleapis.com/css2?family=JetBrains+Mono&display=swap → 200 (1ms, -698B)
[2026-07-15T12:09:55.973Z] GET file:///Users/arda/Projects/eardatasci.github.io/theme.min.7363202e6ba39c3b4caca8b218f6f6631256ed7a41cd2f8bf46550651b07cb31.css → 200 (1ms, 8396B)
[2026-07-15T12:09:55.973Z] GET https://www.recurse-scout.com/loader.js?t=bd90963b613cbcfcdd3274ad72b12dc6 → pending (?ms, ?B)
[2026-07-15T12:09:55.973Z] GET file:///Users/arda/Projects/eardatasci.github.io/c/ambiance/harvey.jpg → 200 (1ms, 57241B)
[2026-07-15T12:09:55.986Z] GET https://fonts.gstatic.com/s/inter/v20/UcC73FwrK3iLTeHuS_nVMrMxCp50SjIa1ZL7W0Q5nw.woff2 → 200 (?ms, -814B)
[2026-07-15T12:09:55.986Z] GET https://fonts.gstatic.com/s/jetbrainsmono/v24/tDbY2o-flEEny0FZhsfKu5WU4zr3E_BX0PnT8RD8yKxTOlOVk6OThhvA.woff2 → 200 (?ms, -814B)
[2026-07-15T12:09:56.058Z] GET file:///Users/arda/Projects/eardatasci.github.io/index.html → 200 (?ms, 7934B)
[2026-07-15T12:09:56.061Z] GET https://fonts.googleapis.com/css2?family=Inter:wght@400;600;700&display=swap → 200 (?ms, -698B)
[2026-07-15T12:09:56.061Z] GET https://fonts.googleapis.com/css?family=JetBrains+Mono&display=swap.css → 200 (?ms, -698B)
[2026-07-15T12:09:56.061Z] GET file:///Users/arda/Projects/eardatasci.github.io/theme.min.7363202e6ba39c3b4caca8b218f6f6631256ed7a41cd2f8bf46550651b07cb31.css → 200 (?ms, 8396B)
[2026-07-15T12:09:56.061Z] GET https://www.recurse-scout.com/loader.js?t=bd90963b613cbcfcdd3274ad72b12dc6 → pending (?ms, ?B)
[2026-07-15T12:09:56.062Z] GET https://fonts.gstatic.com/s/inter/v20/UcC73FwrK3iLTeHuS_nVMrMxCp50SjIa1ZL7W0Q5nw.woff2 → 200 (1ms, -814B)
[2026-07-15T12:09:56.142Z] GET file:///Users/arda/Projects/eardatasci.github.io/about.html → 200 (?ms, 3041B)
[2026-07-15T12:09:56.144Z] GET https://fonts.googleapis.com/css2?family=Inter:wght@400;600;700&display=swap → 200 (1ms, -698B)
[2026-07-15T12:09:56.144Z] GET https://fonts.googleapis.com/css?family=JetBrains+Mono&display=swap.css → 200 (1ms, -698B)
[2026-07-15T12:09:56.144Z] GET file:///Users/arda/Projects/eardatasci.github.io/theme.min.7363202e6ba39c3b4caca8b218f6f6631256ed7a41cd2f8bf46550651b07cb31.css → 200 (1ms, 8396B)
[2026-07-15T12:09:56.144Z] GET https://www.recurse-scout.com/loader.js?t=bd90963b613cbcfcdd3274ad72b12dc6 → 200 (155ms, 1311B)
[2026-07-15T12:09:56.148Z] GET https://fonts.gstatic.com/s/inter/v20/UcC73FwrK3iLTeHuS_nVMrMxCp50SjIa1ZL7W0Q5nw.woff2 → 200 (1ms, -814B)
[2026-07-15T12:09:56.300Z] GET https://d29xw0ra2h4o4u.cloudfront.net/assets/scout-176be16681a03cbddd686f3cc96694d3aab338ea5cb65452f83d989309810528.js → 200 (?ms, -944B)
[2026-07-15T12:10:23.196Z] GET file:///Users/arda/Projects/eardatasci.github.io/c/ambiance/index.html → 200 (1ms, 12978B)
[2026-07-15T12:10:23.199Z] GET https://fonts.googleapis.com/css2?family=Inter:wght@400;600;700&display=swap → 200 (1ms, -698B)
[2026-07-15T12:10:23.199Z] GET https://fonts.googleapis.com/css2?family=JetBrains+Mono&display=swap → 200 (1ms, -698B)
[2026-07-15T12:10:23.200Z] GET file:///Users/arda/Projects/eardatasci.github.io/theme.min.7363202e6ba39c3b4caca8b218f6f6631256ed7a41cd2f8bf46550651b07cb31.css → 200 (?ms, 8396B)
[2026-07-15T12:10:23.200Z] GET https://www.recurse-scout.com/loader.js?t=bd90963b613cbcfcdd3274ad72b12dc6 → 200 (180ms, 575B)
[2026-07-15T12:10:23.200Z] GET file:///Users/arda/Projects/eardatasci.github.io/c/ambiance/harvey.jpg → 200 (?ms, 57241B)
[2026-07-15T12:10:23.206Z] GET https://fonts.gstatic.com/s/inter/v20/UcC73FwrK3iLTeHuS_nVMrMxCp50SjIa1ZL7W0Q5nw.woff2 → 200 (?ms, -814B)
[2026-07-15T12:10:23.206Z] GET https://fonts.gstatic.com/s/jetbrainsmono/v24/tDbY2o-flEEny0FZhsfKu5WU4zr3E_BX0PnT8RD8yKxTOlOVk6OThhvA.woff2 → 200 (?ms, -814B)
[2026-07-15T12:10:23.380Z] GET https://d29xw0ra2h4o4u.cloudfront.net/assets/scout-176be16681a03cbddd686f3cc96694d3aab338ea5cb65452f83d989309810528.js → 200 (?ms, -944B)
[2026-07-15T12:10:49.167Z] GET file:///Users/arda/Projects/eardatasci.github.io/c/vim-go-ide/index.html → 200 (?ms, 15905B)
[2026-07-15T12:10:49.170Z] GET https://fonts.googleapis.com/css2?family=Inter:wght@400;600;700&display=swap → 200 (?ms, -698B)
[2026-07-15T12:10:49.170Z] GET https://fonts.googleapis.com/css2?family=JetBrains+Mono&display=swap → 200 (?ms, -698B)
[2026-07-15T12:10:49.170Z] GET file:///Users/arda/Projects/eardatasci.github.io/theme.min.7363202e6ba39c3b4caca8b218f6f6631256ed7a41cd2f8bf46550651b07cb31.css → 200 (?ms, 8396B)
[2026-07-15T12:10:49.170Z] GET file:///Users/arda/Projects/eardatasci.github.io/c/vim-go-ide/vim-go-resp.png → 200 (?ms, 28958B)
[2026-07-15T12:10:49.170Z] GET file:///Users/arda/Projects/eardatasci.github.io/c/vim-go-ide/vim-go.gif → 200 (1ms, 2592137B)
[2026-07-15T12:10:49.170Z] GET file:///Users/arda/Projects/eardatasci.github.io/c/vim-go-ide/coc-vim.gif → 200 (1ms, 1785923B)
[2026-07-15T12:10:49.177Z] GET https://fonts.gstatic.com/s/inter/v20/UcC73FwrK3iLTeHuS_nVMrMxCp50SjIa1ZL7W0Q5nw.woff2 → 200 (1ms, -814B)
[2026-07-15T12:10:49.177Z] GET https://fonts.gstatic.com/s/jetbrainsmono/v24/tDbY2o-flEEny0FZhsfKu5WU4zr3E_BX0PnT8RD8yKxTOlOVk6OThhvA.woff2 → 200 (?ms, -814B)
[2026-07-15T12:11:11.266Z] GET file:///Users/arda/Projects/eardatasci.github.io/c/ambiance/index.html → 200 (1ms, 12978B)
[2026-07-15T12:11:11.269Z] GET https://fonts.googleapis.com/css2?family=Inter:wght@400;600;700&display=swap → 200 (1ms, -698B)
[2026-07-15T12:11:11.269Z] GET https://fonts.googleapis.com/css2?family=JetBrains+Mono&display=swap → 200 (1ms, -698B)
[2026-07-15T12:11:11.269Z] GET file:///Users/arda/Projects/eardatasci.github.io/theme.min.7363202e6ba39c3b4caca8b218f6f6631256ed7a41cd2f8bf46550651b07cb31.css → 200 (1ms, 8396B)
[2026-07-15T12:11:11.269Z] GET https://www.recurse-scout.com/loader.js?t=bd90963b613cbcfcdd3274ad72b12dc6 → 200 (97ms, 576B)
[2026-07-15T12:11:11.269Z] GET file:///Users/arda/Projects/eardatasci.github.io/c/ambiance/harvey.jpg → 200 (1ms, 57241B)
[2026-07-15T12:11:11.277Z] GET https://fonts.gstatic.com/s/inter/v20/UcC73FwrK3iLTeHuS_nVMrMxCp50SjIa1ZL7W0Q5nw.woff2 → 200 (?ms, -814B)
[2026-07-15T12:11:11.277Z] GET https://fonts.gstatic.com/s/jetbrainsmono/v24/tDbY2o-flEEny0FZhsfKu5WU4zr3E_BX0PnT8RD8yKxTOlOVk6OThhvA.woff2 → 200 (?ms, -814B)
[2026-07-15T12:11:11.367Z] GET https://d29xw0ra2h4o4u.cloudfront.net/assets/scout-176be16681a03cbddd686f3cc96694d3aab338ea5cb65452f83d989309810528.js → 200 (?ms, -944B)
[2026-07-15T12:20:51.585Z] GET file:///Users/arda/Projects/eardatasci.github.io/c/ambiance/index.html → 200 (?ms, 12978B)
[2026-07-15T12:20:51.588Z] GET https://fonts.googleapis.com/css2?family=Inter:wght@400;600;700&display=swap → 200 (1ms, -698B)
[2026-07-15T12:20:51.588Z] GET https://fonts.googleapis.com/css2?family=JetBrains+Mono&display=swap → 200 (1ms, -698B)
[2026-07-15T12:20:51.588Z] GET file:///Users/arda/Projects/eardatasci.github.io/theme.min.7363202e6ba39c3b4caca8b218f6f6631256ed7a41cd2f8bf46550651b07cb31.css → 200 (?ms, 8396B)
[2026-07-15T12:20:51.588Z] GET https://www.recurse-scout.com/loader.js?t=bd90963b613cbcfcdd3274ad72b12dc6 → 200 (325ms, 937B)
[2026-07-15T12:20:51.588Z] GET file:///Users/arda/Projects/eardatasci.github.io/c/ambiance/harvey.jpg → 200 (?ms, 57241B)
[2026-07-15T12:20:51.600Z] GET https://fonts.gstatic.com/s/inter/v20/UcC73FwrK3iLTeHuS_nVMrMxCp50SjIa1ZL7W0Q5nw.woff2 → 200 (1ms, -814B)
[2026-07-15T12:20:51.600Z] GET https://fonts.gstatic.com/s/jetbrainsmono/v24/tDbY2o-flEEny0FZhsfKu5WU4zr3E_BX0PnT8RD8yKxTOlOVk6OThhvA.woff2 → 200 (1ms, -814B)
[2026-07-15T12:20:51.913Z] GET https://d29xw0ra2h4o4u.cloudfront.net/assets/scout-176be16681a03cbddd686f3cc96694d3aab338ea5cb65452f83d989309810528.js → 200 (1ms, -944B)
[2026-07-15T12:28:28.893Z] GET file:///Users/arda/Projects/eardatasci.github.io/index.html → 200 (1ms, 7934B)
[2026-07-15T12:28:28.896Z] GET https://fonts.googleapis.com/css2?family=Inter:wght@400;600;700&display=swap → 200 (?ms, -698B)
[2026-07-15T12:28:28.896Z] GET https://fonts.googleapis.com/css?family=JetBrains+Mono&display=swap.css → 200 (?ms, -698B)
[2026-07-15T12:28:28.896Z] GET file:///Users/arda/Projects/eardatasci.github.io/theme.min.7363202e6ba39c3b4caca8b218f6f6631256ed7a41cd2f8bf46550651b07cb31.css → 200 (?ms, 6325B)
[2026-07-15T12:28:28.896Z] GET https://www.recurse-scout.com/loader.js?t=bd90963b613cbcfcdd3274ad72b12dc6 → pending (?ms, ?B)
[2026-07-15T12:28:28.905Z] GET https://fonts.gstatic.com/s/inter/v20/UcC73FwrK3iLTeHuS_nVMrMxCp50SjIa1ZL7W0Q5nw.woff2 → 200 (?ms, -814B)
[2026-07-15T12:28:28.980Z] GET file:///Users/arda/Projects/eardatasci.github.io/c/ambiance/index.html → 200 (1ms, 12314B)
[2026-07-15T12:28:28.984Z] GET https://fonts.googleapis.com/css2?family=Inter:wght@400;600;700&display=swap → 200 (?ms, -698B)
[2026-07-15T12:28:28.984Z] GET https://fonts.googleapis.com/css2?family=JetBrains+Mono&display=swap → 200 (1ms, -698B)
[2026-07-15T12:28:28.984Z] GET file:///Users/arda/Projects/eardatasci.github.io/theme.min.7363202e6ba39c3b4caca8b218f6f6631256ed7a41cd2f8bf46550651b07cb31.css → 200 (?ms, 6325B)
[2026-07-15T12:28:28.984Z] GET https://www.recurse-scout.com/loader.js?t=bd90963b613cbcfcdd3274ad72b12dc6 → 200 (276ms, 1321B)
[2026-07-15T12:28:28.984Z] GET file:///Users/arda/Projects/eardatasci.github.io/c/ambiance/harvey.jpg → 200 (?ms, 57241B)
[2026-07-15T12:28:28.988Z] GET https://fonts.gstatic.com/s/inter/v20/UcC73FwrK3iLTeHuS_nVMrMxCp50SjIa1ZL7W0Q5nw.woff2 → 200 (?ms, -814B)
[2026-07-15T12:28:28.988Z] GET https://fonts.gstatic.com/s/jetbrainsmono/v24/tDbY2o-flEEny0FZhsfKu5WU4zr3E_BX0PnT8RD8yKxTOlOVk6OThhvA.woff2 → 200 (?ms, -814B)
[2026-07-15T12:28:29.261Z] GET https://d29xw0ra2h4o4u.cloudfront.net/assets/scout-176be16681a03cbddd686f3cc96694d3aab338ea5cb65452f83d989309810528.js → 200 (?ms, -944B)
[2026-07-15T12:29:39.571Z] GET file:///Users/arda/Projects/eardatasci.github.io/index.html → 200 (1ms, 7148B)
[2026-07-15T12:29:39.574Z] GET https://fonts.googleapis.com/css2?family=Inter:wght@400;600;700&display=swap → 200 (1ms, -698B)
[2026-07-15T12:29:39.574Z] GET https://fonts.googleapis.com/css?family=JetBrains+Mono&display=swap.css → 200 (1ms, -698B)
[2026-07-15T12:29:39.574Z] GET file:///Users/arda/Projects/eardatasci.github.io/theme.min.7363202e6ba39c3b4caca8b218f6f6631256ed7a41cd2f8bf46550651b07cb31.css → 200 (?ms, 6339B)
[2026-07-15T12:29:39.574Z] GET https://www.recurse-scout.com/loader.js?t=bd90963b613cbcfcdd3274ad72b12dc6 → pending (?ms, ?B)
[2026-07-15T12:29:39.580Z] GET https://fonts.gstatic.com/s/inter/v20/UcC73FwrK3iLTeHuS_nVMrMxCp50SjIa1ZL7W0Q5nw.woff2 → 200 (1ms, -814B)
[2026-07-15T12:29:39.657Z] GET file:///Users/arda/Projects/eardatasci.github.io/about.html → 200 (?ms, 3041B)
[2026-07-15T12:29:39.659Z] GET https://fonts.googleapis.com/css2?family=Inter:wght@400;600;700&display=swap → 200 (?ms, -698B)
[2026-07-15T12:29:39.659Z] GET https://fonts.googleapis.com/css?family=JetBrains+Mono&display=swap.css → 200 (?ms, -698B)
[2026-07-15T12:29:39.659Z] GET file:///Users/arda/Projects/eardatasci.github.io/theme.min.7363202e6ba39c3b4caca8b218f6f6631256ed7a41cd2f8bf46550651b07cb31.css → 200 (?ms, 6339B)
[2026-07-15T12:29:39.659Z] GET https://www.recurse-scout.com/loader.js?t=bd90963b613cbcfcdd3274ad72b12dc6 → pending (?ms, ?B)
[2026-07-15T12:29:39.660Z] GET https://fonts.gstatic.com/s/inter/v20/UcC73FwrK3iLTeHuS_nVMrMxCp50SjIa1ZL7W0Q5nw.woff2 → 200 (1ms, -814B)
[2026-07-15T12:29:39.733Z] GET file:///Users/arda/Projects/eardatasci.github.io/c/static-pods/index.html → 200 (?ms, 9249B)
[2026-07-15T12:29:39.736Z] GET https://fonts.googleapis.com/css2?family=Inter:wght@400;600;700&display=swap → 200 (?ms, -698B)
[2026-07-15T12:29:39.736Z] GET https://fonts.googleapis.com/css2?family=JetBrains+Mono&display=swap → 200 (?ms, -698B)
[2026-07-15T12:29:39.736Z] GET file:///Users/arda/Projects/eardatasci.github.io/theme.min.7363202e6ba39c3b4caca8b218f6f6631256ed7a41cd2f8bf46550651b07cb31.css → 200 (?ms, 6339B)
[2026-07-15T12:29:39.736Z] GET file:///Users/arda/Projects/eardatasci.github.io/c/static-pods/tweet1.png → 200 (?ms, 68261B)
[2026-07-15T12:29:39.736Z] GET file:///Users/arda/Projects/eardatasci.github.io/c/static-pods/tweet2.png → 200 (?ms, 75951B)
[2026-07-15T12:29:39.739Z] GET https://fonts.gstatic.com/s/inter/v20/UcC73FwrK3iLTeHuS_nVMrMxCp50SjIa1ZL7W0Q5nw.woff2 → 200 (?ms, -814B)
[2026-07-15T12:29:39.739Z] GET https://fonts.gstatic.com/s/jetbrainsmono/v24/tDbY2o-flEEny0FZhsfKu5WU4zr3E_BX0PnT8RD8yKxTOlOVk6OThhvA.woff2 → 200 (?ms, -814B)
[2026-07-15T12:29:39.821Z] GET file:///Users/arda/Projects/eardatasci.github.io/talktome.html → 200 (1ms, 14584B)
[2026-07-15T12:29:39.824Z] GET https://fonts.googleapis.com/css2?family=Inter:wght@400;600;700&display=swap → 200 (1ms, -698B)
[2026-07-15T12:29:39.824Z] GET file:///Users/arda/Projects/eardatasci.github.io/theme.min.7363202e6ba39c3b4caca8b218f6f6631256ed7a41cd2f8bf46550651b07cb31.css → 200 (?ms, 6339B)
[2026-07-15T12:29:39.824Z] GET https://www.recurse-scout.com/loader.js?t=bd90963b613cbcfcdd3274ad72b12dc6 → pending (?ms, ?B)
[2026-07-15T12:29:39.827Z] GET https://fonts.gstatic.com/s/inter/v20/UcC73FwrK3iLTeHuS_nVMrMxCp50SjIa1ZL7W0Q5nw.woff2 → 200 (3ms, -814B)
[2026-07-15T12:29:40.001Z] GET https://d29xw0ra2h4o4u.cloudfront.net/assets/scout-176be16681a03cbddd686f3cc96694d3aab338ea5cb65452f83d989309810528.js → 200 (?ms, -944B)
[2026-07-15T12:30:29.675Z] GET file:///Users/arda/Projects/eardatasci.github.io/c/static-pods/index.html → 200 (1ms, 9249B)
[2026-07-15T12:30:29.678Z] GET https://fonts.googleapis.com/css2?family=Inter:wght@400;600;700&display=swap → 200 (1ms, -698B)
[2026-07-15T12:30:29.678Z] GET https://fonts.googleapis.com/css2?family=JetBrains+Mono&display=swap → 200 (1ms, -698B)
[2026-07-15T12:30:29.678Z] GET file:///Users/arda/Projects/eardatasci.github.io/theme.min.7363202e6ba39c3b4caca8b218f6f6631256ed7a41cd2f8bf46550651b07cb31.css → 200 (?ms, 6339B)
[2026-07-15T12:30:29.678Z] GET file:///Users/arda/Projects/eardatasci.github.io/c/static-pods/tweet1.png → 200 (?ms, 68261B)
[2026-07-15T12:30:29.678Z] GET file:///Users/arda/Projects/eardatasci.github.io/c/static-pods/tweet2.png → 200 (?ms, 75951B)
[2026-07-15T12:30:29.679Z] GET https://fonts.gstatic.com/s/inter/v20/UcC73FwrK3iLTeHuS_nVMrMxCp50SjIa1ZL7W0Q5nw.woff2 → 200 (2ms, -814B)
[2026-07-15T12:30:29.679Z] GET https://fonts.gstatic.com/s/jetbrainsmono/v24/tDbY2o-flEEny0FZhsfKu5WU4zr3E_BX0PnT8RD8yKxTOlOVk6OThhvA.woff2 → 200 (2ms, -814B)
[2026-07-15T12:30:29.826Z] GET file:///Users/arda/Projects/eardatasci.github.io/index.html → 200 (1ms, 7148B)
[2026-07-15T12:30:29.829Z] GET https://fonts.googleapis.com/css2?family=Inter:wght@400;600;700&display=swap → 200 (1ms, -698B)
[2026-07-15T12:30:29.829Z] GET https://fonts.googleapis.com/css?family=JetBrains+Mono&display=swap.css → 200 (1ms, -698B)
[2026-07-15T12:30:29.829Z] GET file:///Users/arda/Projects/eardatasci.github.io/theme.min.7363202e6ba39c3b4caca8b218f6f6631256ed7a41cd2f8bf46550651b07cb31.css → 200 (?ms, 6339B)
[2026-07-15T12:30:29.829Z] GET https://www.recurse-scout.com/loader.js?t=bd90963b613cbcfcdd3274ad72b12dc6 → 200 (96ms, 580B)
[2026-07-15T12:30:29.839Z] GET https://fonts.gstatic.com/s/inter/v20/UcC73FwrK3iLTeHuS_nVMrMxCp50SjIa1ZL7W0Q5nw.woff2 → 200 (1ms, -814B)
[2026-07-15T12:30:29.925Z] GET https://d29xw0ra2h4o4u.cloudfront.net/assets/scout-176be16681a03cbddd686f3cc96694d3aab338ea5cb65452f83d989309810528.js → 200 (1ms, -944B)
[2026-07-15T12:37:05.438Z] GET file:///Users/arda/Projects/eardatasci.github.io/index.html → 200 (1ms, 7182B)
[2026-07-15T12:37:05.441Z] GET https://fonts.googleapis.com/css2?family=Inter:wght@400;600;700&display=swap → 200 (1ms, -698B)
[2026-07-15T12:37:05.441Z] GET https://fonts.googleapis.com/css?family=JetBrains+Mono&display=swap.css → 200 (1ms, -698B)
[2026-07-15T12:37:05.441Z] GET file:///Users/arda/Projects/eardatasci.github.io/theme.min.7363202e6ba39c3b4caca8b218f6f6631256ed7a41cd2f8bf46550651b07cb31.css → 200 (?ms, 12082B)
[2026-07-15T12:37:05.441Z] GET file:///Users/arda/Projects/eardatasci.github.io/toggle.js → 200 (1ms, 993B)
[2026-07-15T12:37:05.441Z] GET https://www.recurse-scout.com/loader.js?t=bd90963b613cbcfcdd3274ad72b12dc6 → pending (?ms, ?B)
[2026-07-15T12:37:05.443Z] GET https://fonts.gstatic.com/s/inter/v20/UcC73FwrK3iLTeHuS_nVMrMxCp50SjIa1ZL7W0Q5nw.woff2 → 200 (2ms, -814B)
[2026-07-15T12:37:05.579Z] GET file:///Users/arda/Projects/eardatasci.github.io/c/ambiance/index.html → 200 (?ms, 12354B)
[2026-07-15T12:37:05.582Z] GET https://fonts.googleapis.com/css2?family=Inter:wght@400;600;700&display=swap → 200 (?ms, -698B)
[2026-07-15T12:37:05.582Z] GET https://fonts.googleapis.com/css2?family=JetBrains+Mono&display=swap → 200 (?ms, -698B)
[2026-07-15T12:37:05.582Z] GET file:///Users/arda/Projects/eardatasci.github.io/theme.min.7363202e6ba39c3b4caca8b218f6f6631256ed7a41cd2f8bf46550651b07cb31.css → 200 (?ms, 12082B)
[2026-07-15T12:37:05.582Z] GET file:///Users/arda/Projects/eardatasci.github.io/toggle.js → 200 (?ms, 993B)
[2026-07-15T12:37:05.582Z] GET https://www.recurse-scout.com/loader.js?t=bd90963b613cbcfcdd3274ad72b12dc6 → 200 (257ms, 1321B)
[2026-07-15T12:37:05.582Z] GET file:///Users/arda/Projects/eardatasci.github.io/c/ambiance/harvey.jpg → 200 (?ms, 57241B)
[2026-07-15T12:37:05.583Z] GET https://fonts.gstatic.com/s/inter/v20/UcC73FwrK3iLTeHuS_nVMrMxCp50SjIa1ZL7W0Q5nw.woff2 → 200 (1ms, -814B)
[2026-07-15T12:37:05.583Z] GET https://fonts.gstatic.com/s/jetbrainsmono/v24/tDbY2o-flEEny0FZhsfKu5WU4zr3E_BX0PnT8RD8yKxTOlOVk6OThhvA.woff2 → 200 (1ms, -814B)
[2026-07-15T12:37:05.840Z] GET https://d29xw0ra2h4o4u.cloudfront.net/assets/scout-176be16681a03cbddd686f3cc96694d3aab338ea5cb65452f83d989309810528.js → 200 (?ms, -944B)
[2026-07-15T12:37:29.535Z] GET file:///Users/arda/Projects/eardatasci.github.io/index.html → 200 (?ms, 7182B)
[2026-07-15T12:37:29.538Z] GET https://fonts.googleapis.com/css2?family=Inter:wght@400;600;700&display=swap → 200 (?ms, -698B)
[2026-07-15T12:37:29.538Z] GET https://fonts.googleapis.com/css?family=JetBrains+Mono&display=swap.css → 200 (?ms, -698B)
[2026-07-15T12:37:29.538Z] GET file:///Users/arda/Projects/eardatasci.github.io/theme.min.7363202e6ba39c3b4caca8b218f6f6631256ed7a41cd2f8bf46550651b07cb31.css → 200 (?ms, 12082B)
[2026-07-15T12:37:29.538Z] GET file:///Users/arda/Projects/eardatasci.github.io/toggle.js → 200 (?ms, 993B)
[2026-07-15T12:37:29.538Z] GET https://www.recurse-scout.com/loader.js?t=bd90963b613cbcfcdd3274ad72b12dc6 → 200 (195ms, 584B)
[2026-07-15T12:37:29.540Z] GET https://fonts.gstatic.com/s/inter/v20/UcC73FwrK3iLTeHuS_nVMrMxCp50SjIa1ZL7W0Q5nw.woff2 → 200 (?ms, -814B)
[2026-07-15T12:37:29.733Z] GET https://d29xw0ra2h4o4u.cloudfront.net/assets/scout-176be16681a03cbddd686f3cc96694d3aab338ea5cb65452f83d989309810528.js → 200 (1ms, -944B)
[2026-07-15T12:38:46.368Z] GET file:///Users/arda/Projects/eardatasci.github.io/index.html → 200 (1ms, 7182B)
[2026-07-15T12:38:46.371Z] GET https://fonts.googleapis.com/css2?family=Inter:wght@400;600;700&display=swap → 200 (?ms, -698B)
[2026-07-15T12:38:46.371Z] GET https://fonts.googleapis.com/css?family=JetBrains+Mono&display=swap.css → 200 (?ms, -698B)
[2026-07-15T12:38:46.371Z] GET file:///Users/arda/Projects/eardatasci.github.io/theme.min.7363202e6ba39c3b4caca8b218f6f6631256ed7a41cd2f8bf46550651b07cb31.css → 200 (?ms, 12082B)
[2026-07-15T12:38:46.371Z] GET file:///Users/arda/Projects/eardatasci.github.io/toggle.js → 200 (1ms, 995B)
[2026-07-15T12:38:46.371Z] GET https://www.recurse-scout.com/loader.js?t=bd90963b613cbcfcdd3274ad72b12dc6 → pending (?ms, ?B)
[2026-07-15T12:38:46.372Z] GET https://fonts.gstatic.com/s/inter/v20/UcC73FwrK3iLTeHuS_nVMrMxCp50SjIa1ZL7W0Q5nw.woff2 → 200 (1ms, -814B)
[2026-07-15T12:38:46.779Z] GET https://d29xw0ra2h4o4u.cloudfront.net/assets/scout-176be16681a03cbddd686f3cc96694d3aab338ea5cb65452f83d989309810528.js → 200 (1ms, -944B)
[2026-07-15T12:46:29.495Z] GET file:///Users/arda/Projects/eardatasci.github.io/c/ambiance/index.html → 200 (1ms, 12354B)
[2026-07-15T12:46:29.499Z] GET https://fonts.googleapis.com/css2?family=Inter:wght@400;600;700&display=swap → 200 (?ms, -698B)
[2026-07-15T12:46:29.499Z] GET https://fonts.googleapis.com/css2?family=JetBrains+Mono&display=swap → 200 (?ms, -698B)
[2026-07-15T12:46:29.499Z] GET file:///Users/arda/Projects/eardatasci.github.io/theme.min.7363202e6ba39c3b4caca8b218f6f6631256ed7a41cd2f8bf46550651b07cb31.css → 200 (?ms, 12231B)
[2026-07-15T12:46:29.499Z] GET file:///Users/arda/Projects/eardatasci.github.io/toggle.js → 200 (?ms, 995B)
[2026-07-15T12:46:29.499Z] GET https://www.recurse-scout.com/loader.js?t=bd90963b613cbcfcdd3274ad72b12dc6 → pending (?ms, ?B)
[2026-07-15T12:46:29.499Z] GET file:///Users/arda/Projects/eardatasci.github.io/c/ambiance/harvey.jpg → 200 (?ms, 57241B)
[2026-07-15T12:46:29.500Z] GET https://fonts.gstatic.com/s/inter/v20/UcC73FwrK3iLTeHuS_nVMrMxCp50SjIa1ZL7W0Q5nw.woff2 → 200 (1ms, -814B)
[2026-07-15T12:46:29.500Z] GET https://fonts.gstatic.com/s/jetbrainsmono/v24/tDbY2o-flEEny0FZhsfKu5WU4zr3E_BX0PnT8RD8yKxTOlOVk6OThhvA.woff2 → 200 (?ms, -814B)
[2026-07-15T12:46:29.611Z] GET file:///Users/arda/Projects/eardatasci.github.io/index.html → 200 (?ms, 7182B)
[2026-07-15T12:46:29.614Z] GET https://fonts.googleapis.com/css2?family=Inter:wght@400;600;700&display=swap → 200 (?ms, -698B)
[2026-07-15T12:46:29.614Z] GET https://fonts.googleapis.com/css?family=JetBrains+Mono&display=swap.css → 200 (?ms, -698B)
[2026-07-15T12:46:29.614Z] GET file:///Users/arda/Projects/eardatasci.github.io/theme.min.7363202e6ba39c3b4caca8b218f6f6631256ed7a41cd2f8bf46550651b07cb31.css → 200 (?ms, 12231B)
[2026-07-15T12:46:29.614Z] GET file:///Users/arda/Projects/eardatasci.github.io/toggle.js → 200 (?ms, 995B)
[2026-07-15T12:46:29.614Z] GET https://www.recurse-scout.com/loader.js?t=bd90963b613cbcfcdd3274ad72b12dc6 → pending (?ms, ?B)
[2026-07-15T12:46:29.616Z] GET https://fonts.gstatic.com/s/inter/v20/UcC73FwrK3iLTeHuS_nVMrMxCp50SjIa1ZL7W0Q5nw.woff2 → 200 (?ms, -814B)
[2026-07-15T12:46:29.870Z] GET https://d29xw0ra2h4o4u.cloudfront.net/assets/scout-176be16681a03cbddd686f3cc96694d3aab338ea5cb65452f83d989309810528.js → 200 (?ms, -944B)
[2026-07-15T12:57:14.228Z] GET file:///Users/arda/Projects/eardatasci.github.io/c/static-pods/index.html → 200 (1ms, 9385B)
[2026-07-15T12:57:14.232Z] GET https://fonts.googleapis.com/css2?family=Inter:wght@400;600;700&display=swap → 200 (?ms, -698B)
[2026-07-15T12:57:14.232Z] GET https://fonts.googleapis.com/css2?family=JetBrains+Mono&display=swap → 200 (1ms, -698B)
[2026-07-15T12:57:14.232Z] GET file:///Users/arda/Projects/eardatasci.github.io/theme.min.7363202e6ba39c3b4caca8b218f6f6631256ed7a41cd2f8bf46550651b07cb31.css → 200 (?ms, 12237B)
[2026-07-15T12:57:14.232Z] GET file:///Users/arda/Projects/eardatasci.github.io/toggle.js → 200 (?ms, 995B)
[2026-07-15T12:57:14.232Z] GET file:///Users/arda/Projects/eardatasci.github.io/c/static-pods/tweet1.png → 200 (?ms, 68261B)
[2026-07-15T12:57:14.232Z] GET file:///Users/arda/Projects/eardatasci.github.io/c/static-pods/tweet2.png → 200 (?ms, 75951B)
[2026-07-15T12:57:14.235Z] GET https://fonts.gstatic.com/s/inter/v20/UcC73FwrK3iLTeHuS_nVMrMxCp50SjIa1ZL7W0Q5nw.woff2 → 200 (?ms, -814B)
[2026-07-15T12:57:14.235Z] GET https://fonts.gstatic.com/s/jetbrainsmono/v24/tDbY2o-flEEny0FZhsfKu5WU4zr3E_BX0PnT8RD8yKxTOlOVk6OThhvA.woff2 → 200 (?ms, -814B)
[2026-07-15T12:57:14.372Z] GET file:///Users/arda/Projects/eardatasci.github.io/c/static-pods/index.html → 200 (?ms, 9385B)
[2026-07-15T12:57:14.375Z] GET https://fonts.googleapis.com/css2?family=Inter:wght@400;600;700&display=swap → 200 (?ms, -698B)
[2026-07-15T12:57:14.375Z] GET https://fonts.googleapis.com/css2?family=JetBrains+Mono&display=swap → 200 (?ms, -698B)
[2026-07-15T12:57:14.375Z] GET file:///Users/arda/Projects/eardatasci.github.io/theme.min.7363202e6ba39c3b4caca8b218f6f6631256ed7a41cd2f8bf46550651b07cb31.css → 200 (?ms, 12237B)
[2026-07-15T12:57:14.375Z] GET file:///Users/arda/Projects/eardatasci.github.io/toggle.js → 200 (?ms, 995B)
[2026-07-15T12:57:14.375Z] GET file:///Users/arda/Projects/eardatasci.github.io/c/static-pods/tweet1.png → 200 (?ms, 68261B)
[2026-07-15T12:57:14.375Z] GET file:///Users/arda/Projects/eardatasci.github.io/c/static-pods/tweet2.png → 200 (?ms, 75951B)
[2026-07-15T12:57:14.376Z] GET https://fonts.gstatic.com/s/inter/v20/UcC73FwrK3iLTeHuS_nVMrMxCp50SjIa1ZL7W0Q5nw.woff2 → 200 (3ms, -814B)
[2026-07-15T12:57:14.376Z] GET https://fonts.gstatic.com/s/jetbrainsmono/v24/tDbY2o-flEEny0FZhsfKu5WU4zr3E_BX0PnT8RD8yKxTOlOVk6OThhvA.woff2 → 200 (1ms, -814B)
[2026-07-15T13:03:11.214Z] GET file:///Users/arda/Projects/eardatasci.github.io/c/ambiance/index.html → 200 (?ms, 12444B)
[2026-07-15T13:03:11.217Z] GET https://fonts.googleapis.com/css2?family=Inter:wght@400;600;700&display=swap → 200 (?ms, -698B)
[2026-07-15T13:03:11.217Z] GET https://fonts.googleapis.com/css2?family=JetBrains+Mono&display=swap → 200 (?ms, -698B)
[2026-07-15T13:03:11.217Z] GET file:///Users/arda/Projects/eardatasci.github.io/theme.min.7363202e6ba39c3b4caca8b218f6f6631256ed7a41cd2f8bf46550651b07cb31.css → 200 (?ms, 12230B)
[2026-07-15T13:03:11.217Z] GET file:///Users/arda/Projects/eardatasci.github.io/toggle.js → 200 (?ms, 995B)
[2026-07-15T13:03:11.217Z] GET https://www.recurse-scout.com/loader.js?t=bd90963b613cbcfcdd3274ad72b12dc6 → 200 (393ms, 938B)
[2026-07-15T13:03:11.217Z] GET file:///Users/arda/Projects/eardatasci.github.io/c/ambiance/harvey.jpg → 200 (?ms, 57241B)
[2026-07-15T13:03:11.221Z] GET https://fonts.gstatic.com/s/inter/v20/UcC73FwrK3iLTeHuS_nVMrMxCp50SjIa1ZL7W0Q5nw.woff2 → 200 (?ms, -814B)
[2026-07-15T13:03:11.221Z] GET https://fonts.gstatic.com/s/jetbrainsmono/v24/tDbY2o-flEEny0FZhsfKu5WU4zr3E_BX0PnT8RD8yKxTOlOVk6OThhvA.woff2 → 200 (?ms, -814B)
[2026-07-15T13:03:11.610Z] GET https://d29xw0ra2h4o4u.cloudfront.net/assets/scout-176be16681a03cbddd686f3cc96694d3aab338ea5cb65452f83d989309810528.js → 200 (1ms, -944B)
[2026-07-15T13:18:11.055Z] GET https://eardatasci.github.io/ → 200 (150ms, 2054B)
[2026-07-15T13:18:11.211Z] GET https://fonts.googleapis.com/css2?family=Inter:wght@400;600;700&display=swap → 200 (?ms, -698B)
[2026-07-15T13:18:11.211Z] GET https://fonts.googleapis.com/css?family=JetBrains+Mono&display=swap.css → 200 (?ms, -698B)
[2026-07-15T13:18:11.211Z] GET https://eardatasci.github.io/theme.min.7363202e6ba39c3b4caca8b218f6f6631256ed7a41cd2f8bf46550651b07cb31.css → 200 (131ms, 3252B)
[2026-07-15T13:18:11.211Z] GET https://eardatasci.github.io/toggle.js → 200 (131ms, 637B)
[2026-07-15T13:18:11.211Z] GET https://www.recurse-scout.com/loader.js?t=bd90963b613cbcfcdd3274ad72b12dc6 → 200 (530ms, 946B)
[2026-07-15T13:18:11.351Z] GET https://fonts.gstatic.com/s/inter/v20/UcC73FwrK3iLTeHuS_nVMrMxCp50SjIa1ZL7W0Q5nw.woff2 → 200 (?ms, -814B)
[2026-07-15T13:18:11.742Z] GET https://d29xw0ra2h4o4u.cloudfront.net/assets/scout-176be16681a03cbddd686f3cc96694d3aab338ea5cb65452f83d989309810528.js → 200 (?ms, -944B)
